[20:49:24] [INFO] 
Training No-Distillation Baseline 'baseline_seed139' (12 epochs)
[20:50:51] [INFO] Epoch 1: Loss=4.4547, Train Acc=0.0703, Val Acc=0.1858, Val F1=0.1399
[20:50:51] [INFO] [OK] New best baseline (baseline_seed139): 0.1858
[20:52:17] [INFO] Epoch 2: Loss=2.9716, Train Acc=0.3234, Val Acc=0.5280, Val F1=0.5027
[20:52:17] [INFO] [OK] New best baseline (baseline_seed139): 0.5280
[20:53:42] [INFO] Epoch 3: Loss=2.1221, Train Acc=0.4955, Val Acc=0.6416, Val F1=0.6349
[20:53:42] [INFO] [OK] New best baseline (baseline_seed139): 0.6416
[20:55:07] [INFO] Epoch 4: Loss=1.8232, Train Acc=0.5779, Val Acc=0.6824, Val F1=0.6807
[20:55:07] [INFO] [OK] New best baseline (baseline_seed139): 0.6824
[20:56:31] [INFO] Epoch 5: Loss=1.6585, Train Acc=0.6244, Val Acc=0.7214, Val F1=0.7191
[20:56:31] [INFO] [OK] New best baseline (baseline_seed139): 0.7214
[20:57:55] [INFO] Epoch 6: Loss=1.5824, Train Acc=0.6477, Val Acc=0.7388, Val F1=0.7354
[20:57:55] [INFO] [OK] New best baseline (baseline_seed139): 0.7388
[20:59:21] [INFO] Epoch 7: Loss=1.4980, Train Acc=0.6698, Val Acc=0.7512, Val F1=0.7496
[20:59:21] [INFO] [OK] New best baseline (baseline_seed139): 0.7512
[21:00:46] [INFO] Epoch 8: Loss=1.3649, Train Acc=0.6999, Val Acc=0.7660, Val F1=0.7650
[21:00:46] [INFO] [OK] New best baseline (baseline_seed139): 0.7660
[21:02:10] [INFO] Epoch 9: Loss=1.3632, Train Acc=0.7066, Val Acc=0.7652, Val F1=0.7634
[21:03:34] [INFO] Epoch 10: Loss=1.3314, Train Acc=0.7178, Val Acc=0.7704, Val F1=0.7702
[21:03:34] [INFO] [OK] New best baseline (baseline_seed139): 0.7704
[21:04:59] [INFO] Epoch 11: Loss=1.3236, Train Acc=0.7217, Val Acc=0.7768, Val F1=0.7753
[21:04:59] [INFO] [OK] New best baseline (baseline_seed139): 0.7768
[21:06:25] [INFO] Epoch 12: Loss=1.3351, Train Acc=0.7208, Val Acc=0.7732, Val F1=0.7722
[21:06:26] [INFO] [OK] Baseline (baseline_seed139) best accuracy: 0.7768