[19:24:18] [INFO] 
Training MESSy Student 'messy_seed42' (12 epochs)
[19:25:55] [INFO] Epoch 1: Loss=1.1638, Train Acc=0.3289, Val Acc=0.5980, Val F1=0.5831
[19:25:55] [INFO] [OK] New best student (messy_seed42): 0.5980
[19:27:23] [INFO] Epoch 2: Loss=0.7793, Train Acc=0.5430, Val Acc=0.6820, Val F1=0.6787
[19:27:23] [INFO] [OK] New best student (messy_seed42): 0.6820
[19:28:51] [INFO] Epoch 3: Loss=0.6727, Train Acc=0.6119, Val Acc=0.7098, Val F1=0.7038
[19:28:51] [INFO] [OK] New best student (messy_seed42): 0.7098
[19:30:19] [INFO] Epoch 4: Loss=0.6322, Train Acc=0.6424, Val Acc=0.7422, Val F1=0.7405
[19:30:19] [INFO] [OK] New best student (messy_seed42): 0.7422
[19:31:47] [INFO] Epoch 5: Loss=0.5922, Train Acc=0.6645, Val Acc=0.7492, Val F1=0.7478
[19:31:47] [INFO] [OK] New best student (messy_seed42): 0.7492
[19:33:16] [INFO] Epoch 6: Loss=0.5737, Train Acc=0.6811, Val Acc=0.7460, Val F1=0.7438
[19:34:43] [INFO] Epoch 7: Loss=0.5527, Train Acc=0.6939, Val Acc=0.7734, Val F1=0.7710
[19:34:43] [INFO] [OK] New best student (messy_seed42): 0.7734
[19:36:12] [INFO] Epoch 8: Loss=0.5287, Train Acc=0.7104, Val Acc=0.7740, Val F1=0.7727
[19:36:12] [INFO] [OK] New best student (messy_seed42): 0.7740
[19:37:40] [INFO] Epoch 9: Loss=0.5206, Train Acc=0.7162, Val Acc=0.7800, Val F1=0.7787
[19:37:40] [INFO] [OK] New best student (messy_seed42): 0.7800
[19:39:09] [INFO] Epoch 10: Loss=0.5063, Train Acc=0.7254, Val Acc=0.7764, Val F1=0.7748
[19:40:38] [INFO] Epoch 11: Loss=0.4894, Train Acc=0.7382, Val Acc=0.7778, Val F1=0.7761
[19:42:07] [INFO] Epoch 12: Loss=0.5096, Train Acc=0.7234, Val Acc=0.7844, Val F1=0.7830
[19:42:07] [INFO] [OK] New best student (messy_seed42): 0.7844
[19:42:08] [INFO] [OK] Student (messy_seed42) best accuracy: 0.7844